// Jest Snapshot v1, https://goo.gl/fbAQLP

exports[`<TodoItem /> should render correctly 1`] = `
<li
  className="todo-item"
/>
`;
